2025-09-29T19:47:48 | touched: test/Visiontransformer.test.js
2025-01-12T02:29:26 | touched: scripts/api-server.js
2025-08-02T03:25:48 | touched: test/Visiontransformer.test.js
2025-06-11T07:37:32 | touched: hardhat.config.js
2025-07-27T05:02:34 | touched: README.md
2025-07-01T01:47:10 | touched: LICENSE
2025-02-25T12:32:26 | touched: package.json
2025-12-13T02:00:00 | touched: package.json
2025-04-14T06:19:01 | touched: scripts/api-server.js
2025-02-01T12:29:56 | touched: scripts/api-server.js
2025-09-12T13:57:56 | touched: scripts/frontend-integration.js
2025-12-26T11:51:42 | touched: LICENSE
2025-11-29T11:46:56 | touched: LICENSE
2025-02-08T05:28:12 | touched: scripts/interact.js
2025-03-09T14:54:47 | touched: README.md
2025-12-16T06:55:39 | touched: test/Visiontransformer.test.js
2025-08-01T16:30:35 | touched: contracts/Visiontransformer.sol
2025-04-17T13:51:49 | touched: scripts/cli.js
2025-08-29T18:12:06 | touched: LICENSE
2025-06-28T20:53:55 | touched: README.md
2025-02-08T03:53:06 | touched: package.json
2025-12-12T16:08:46 | touched: scripts/api-server.js
2025-09-06T10:51:22 | touched: package.json
2025-01-30T13:30:56 | touched: scripts/deploy.js
2025-06-13T10:42:21 | touched: LICENSE
2025-01-20T10:57:26 | touched: test/Visiontransformer.test.js
2025-08-22T13:35:10 | touched: scripts/frontend-integration.js
2025-12-01T17:22:09 | touched: hardhat.config.js
2025-07-19T08:30:55 | touched: package.json
2025-03-24T10:53:21 | touched: scripts/deploy.js
2025-06-11T13:26:05 | touched: LICENSE
2025-10-25T11:12:21 | touched: test/Visiontransformer.test.js
2025-09-29T09:20:38 | touched: scripts/interact.js
2025-03-04T08:50:47 | touched: scripts/deploy.js
2025-11-09T13:59:57 | touched: scripts/api-server.js
2025-02-11T06:45:58 | touched: hardhat.config.js
2025-10-02T00:04:16 | touched: test/Visiontransformer.test.js
2025-09-17T10:45:27 | touched: .env.example
2025-11-15T12:35:27 | touched: README.md
2025-04-20T05:44:37 | touched: contracts/Visiontransformer.sol
2025-04-13T03:42:51 | touched: scripts/cli.js
2025-01-07T16:32:00 | touched: scripts/cli.js
